// Jest Snapshot v1, https://goo.gl/fbAQLP

exports[`Render App renders without crashing 1`] = `null`;
